#-----------------------------------------------------------
# Vivado v2015.2 (64-bit)
# SW Build 1266856 on Fri Jun 26 16:35:25 MDT 2015
# IP Build 1264090 on Wed Jun 24 14:22:01 MDT 2015
# Start of session at: Thu Sep 15 17:30:58 2022
# Process ID: 11472
# Log file: D:/pro/principles_of_computer_composition/cpu24-riscv/Single_Cycle_RISCV2/single_cycle_cpu/vivado.log
# Journal file: D:/pro/principles_of_computer_composition/cpu24-riscv/Single_Cycle_RISCV2/single_cycle_cpu\vivado.jou
#-----------------------------------------------------------
start_gui
open_project D:/pro/principles_of_computer_composition/cpu24-riscv/Single_Cycle_RISCV2/single_cycle_cpu/single_cycle_cpu.xpr
reset_run impl_1 -prev_step 
launch_runs impl_1 -to_step write_bitstream
wait_on_run impl_1
open_hw
connect_hw_server
open_hw_target [lindex [get_hw_targets -of_objects [get_hw_servers localhost]] 0]
set_property PROGRAM.FILE {D:/pro/principles_of_computer_composition/cpu24-riscv/Single_Cycle_RISCV2/single_cycle_cpu/single_cycle_cpu.runs/impl_1/cpu.bit} [lindex [get_hw_devices] 0]
current_hw_device [lindex [get_hw_devices] 0]
refresh_hw_device -update_hw_probes false [lindex [get_hw_devices] 0]
set_property PROBES.FILE {} [lindex [get_hw_devices] 0]
set_property PROGRAM.FILE {D:/pro/principles_of_computer_composition/cpu24-riscv/Single_Cycle_RISCV2/single_cycle_cpu/single_cycle_cpu.runs/impl_1/cpu.bit} [lindex [get_hw_devices] 0]
program_hw_devices [lindex [get_hw_devices] 0]
refresh_hw_device [lindex [get_hw_devices] 0]
close_hw
reset_run synth_1
launch_runs synth_1
wait_on_run synth_1
launch_runs impl_1
wait_on_run impl_1
open_run impl_1
launch_runs impl_1 -to_step write_bitstream
wait_on_run impl_1
open_hw
connect_hw_server
open_hw_target [lindex [get_hw_targets -of_objects [get_hw_servers localhost]] 0]
set_property PROGRAM.FILE {D:/pro/principles_of_computer_composition/cpu24-riscv/Single_Cycle_RISCV2/single_cycle_cpu/single_cycle_cpu.runs/impl_1/cpu.bit} [lindex [get_hw_devices] 0]
current_hw_device [lindex [get_hw_devices] 0]
refresh_hw_device -update_hw_probes false [lindex [get_hw_devices] 0]
set_property PROBES.FILE {} [lindex [get_hw_devices] 0]
set_property PROGRAM.FILE {D:/pro/principles_of_computer_composition/cpu24-riscv/Single_Cycle_RISCV2/single_cycle_cpu/single_cycle_cpu.runs/impl_1/cpu.bit} [lindex [get_hw_devices] 0]
program_hw_devices [lindex [get_hw_devices] 0]
refresh_hw_device [lindex [get_hw_devices] 0]
